// Jest Snapshot v1, https://goo.gl/fbAQLP

exports[`renders Example unchanged 1`] = `
<div>
  <h1>
    Example
  </h1>
</div>
`;
